[94m╭──────────────────────────────[m [32mmedia files[97m [5][m[m [94m───────────────────────────────╮[m
[94m│[m[1;97mSource      Source Stats         Target Stats         Status       Error      [m[94m│[m
[94m│[m[94;107mfile_0[m[107m     [m[94;107m [m[94;107mh264/1080/8.00 mbps[m[107m [m[94;107m [m[94;107mhevc/1080/4.00 mbps[m[107m [m[94;107m [m[94;107m[38;5;106mskipped[m[m[107m     [m[94;107m [m[94;107massert.AnE…[m[94m│[m
[94m│[m[38;5;249mfile_1[m     [38;5;249m [m[38;5;249mh264/1080/8.00 mbps[m [38;5;249m [m[38;5;249mhevc/1080/4.00 mbps[m [38;5;249m [m[38;5;249m[38;5;131mrejected[m[m    [38;5;249m [m[38;5;249massert.AnE…[m[94m│[m
[94m│[m[38;5;249mfile_2[m     [38;5;249m [m[38;5;249mh264/1080/8.00 mbps[m [38;5;249m [m[38;5;249mhevc/1080/4.00 mbps[m [38;5;249m [m[38;5;249m[38;5;28mconverted[m[m   [38;5;249m [m[38;5;249m[m           [94m│[m
[94m│[m[38;5;249mfile_3[m     [38;5;249m [m[38;5;249mh264/1080/8.00 mbps[m [38;5;249m [m[38;5;249mhevc/1080/4.00 mbps[m [38;5;249m [m[38;5;249m[91mfailed[m[m      [38;5;249m [m[38;5;249massert.AnE…[m[94m│[m
[94m│[m[38;5;249mfile_4[m     [38;5;249m [m[38;5;249mh264/1080/8.00 mbps[m [38;5;249m [m[38;5;249mhevc/1080/4.00 mbps[m [38;5;249m [m[38;5;249m[38;5;214mtranscoding[m[m [38;5;249m [m[38;5;249m[m           [94m│[m
[94m│[m                                                                              [94m│[m
[94m│[m                                                                              [94m│[m
[94m│[m                                                                              [94m│[m
[94m│[m                                                                              [94m│[m
[94m│[m                                                                              [94m│[m
[94m│[m                                                                              [94m│[m
[94m│[m                                                                              [94m│[m
[94m│[m                                                                              [94m│[m
[94m│[m                                                                              [94m│[m
[94m│[m                                                                              [94m│[m
[94m│[m                                                                              [94m│[m
[94m│[m                                                                              [94m│[m
[94m│[m                                                                              [94m│[m
[94m│[m                                                                              [94m│[m
[94m╰──────────────────────────────────────────────────────────────────────────────╯[m
[104m  [m[30;104m  Profile: test Overwrite target: ON Remove source: ON Batch processing: OFF[m[104m  [m
[93m?/f1[m [38;5;246mtoggle help[m[38;2;60;60;60m • [m[93ms[m [38;5;246mtoggle skipped files[m[38;2;60;60;60m • [m[93mr[m [38;5;246mtoggle rejected files[m [38;2;60;60;60m…[m           