[3;93mGENERAL[m               [3;93mMEDIA[m                         [3;93mMEDIA FILTER[m               [3;93mLOGS[m                                     
[93mq[m    [38;5;249mquit application[m [93mf[m     [38;5;249mtoggle full file path[m   [93m/[m     [38;5;249mfilter[m               [93mw[m   [38;5;249mwrap words[m                           
[93m?/f1[m [38;5;249mtoggle help[m      [93ms[m     [38;5;249mtoggle skipped files[m    [93menter[m [38;5;249mclose filter[m         [93ms[m   [38;5;249mauto scroll[m                          
[93ml[m    [38;5;249mtoggle logs[m      [93mr[m     [38;5;249mtoggle rejected files[m   [93mesc[m   [38;5;249mclear & close filter[m [93mesc[m [38;5;249mclose logs[m                           
                      [93mc[m     [38;5;249mtoggle converted files[m                                                                      
                      [93menter[m [38;5;249mconvert selected file[m                                                                       
                      [93ma[m     [38;5;249mtoggle batch processing[m                                                                     
                                                                                                                        
[104m  [m[30;104m                                          Profile: test Overwrite target: ON Remove source: ON Batch processing: OFF[m[104m  [m
[93m?/f1[m [38;5;249mtoggle help[m                                                                                                        