[94m╭───────────────────────────────────────────────────────────────────[0m[32m media files [0m[94m────────────────────────────────────────────────────────────────────╮[0m
[94m│[0m[97mSOURCE                 SOURCE STATS              TARGET STATS              STATUS      COMPLETED  REMAINING ERROR                                   [0m[94m│[0m
[94m│[0m[97;104mtest-0.mp4[0m[104m            [0m[97;104m [0m[97;104mh264/1080/10.00 mbps[0m[104m     [0m[97;104m [0m[97;104mhevc/1080/5.00 mbps[0m[104m      [0m[97;104m [0m[97;104mwaiting[0m[104m   [0m[97;104m [0m[104m          [0m[97;104m[0m[97;104m [0m[104m          [0m[97;104m[0m[97;104m [0m[97;104m[0m[104m                                        [0m[94m│[0m
[94m│[0m[94mtest-1.mp4[0m            [94m [0m[94mh264/1080/10.00 mbps[0m     [94m [0m[94mhevc/1080/5.00 mbps[0m      [94m [0m[94minspected[0m [94m [0m          [94m[0m[94m [0m          [94m[0m[94m [0m[94m[0m                                        [94m│[0m
[94m│[0m[94mtest-2.mp4[0m            [94m [0m[94mh264/1080/10.00 mbps[0m     [94m [0m[94mhevc/1080/5.00 mbps[0m      [94m [0m[94m[32mskipped[0m[0m   [94m [0m          [94m[0m[94m [0m          [94m[0m[94m [0m[94m[0m                                        [94m│[0m
[94m│[0m[94mtest-3.mp4[0m            [94m [0m[94mh264/1080/10.00 mbps[0m     [94m [0m[94mhevc/1080/5.00 mbps[0m      [94m [0m[94m[38;5;131mrejected[0m[0m  [94m [0m          [94m[0m[94m [0m          [94m[0m[94m [0m[94m[0m                                        [94m│[0m
[94m│[0m[94mtest-4.mp4[0m            [94m [0m[94mh264/1080/10.00 mbps[0m     [94m [0m[94mhevc/1080/5.00 mbps[0m      [94m [0m[94m[38;5;214mconverting[0m[0m[94m [0m          [94m[0m[94m [0m          [94m[0m[94m [0m[94m[0m                                        [94m│[0m
[94m│[0m[94mtest-5.mp4[0m            [94m [0m[94mh264/1080/10.00 mbps[0m     [94m [0m[94mhevc/1080/5.00 mbps[0m      [94m [0m[94m[91mfailed[0m[0m    [94m [0m          [94m[0m[94m [0m          [94m[0m[94m [0m[94mtest error[0m                              [94m│[0m
[94m│[0m[94mtest-6.mp4[0m            [94m [0m[94mh264/1080/10.00 mbps[0m     [94m [0m[94mhevc/1080/5.00 mbps[0m      [94m [0m[94m[38;5;106mconverted[0m[0m [94m [0m          [94m[0m[94m [0m          [94m[0m[94m [0m[94m[0m                                        [94m│[0m
[94m╰────────────────────────────────────────────────────────────────────────────────────────────────────────────────────────────────────────────────────╯[0m