                      [32mGeneral[m                                       [32mNavigation[m                                    [32mMedia[m                                         [32mFilter[m                                       
[38;5;214mSource: [m   [38;5;244m.[m          [38;5;131mq[m [38;5;244mquit[m                                        [38;5;131mup[m   [38;5;244mmove up[m                                  [38;5;131mp[m     [38;5;244mtoggle queue active state[m               [38;5;131ms[m [38;5;244mshow/hide skipped files[m                    
[38;5;214mProfile: [m  [38;5;244mfoo[m        [38;5;131ml[m [38;5;244mshow logs[m                                   [38;5;131mdown[m [38;5;244mmove down[m                                [38;5;131menter[m [38;5;244mconvert selected item[m                   [38;5;131mr[m [38;5;244mshow/hide rejected files[m                   
[38;5;214mOverwrite: [m[38;5;244mactive[m                                                   [38;5;131m/[m    [38;5;244mfilter[m                                   [38;5;131mf[m     [38;5;244mshow full path[m                          [38;5;131mc[m [38;5;244mshow/hide converted files[m                  
[38;5;214mRemove: [m   [38;5;244mactive[m                                                                                                                                                                                            
[94m╭────────────────────────────────────────────────────────────────────────────────────────────[m[32m media files [m[94m─────────────────────────────────────────────────────────────────────────────────────────────╮[m     
[94m│[m[97mSOURCE                                                                   SOURCE STATS              TARGET STATS              STATUS      COMPLETED  REMAINING ERROR                                   [m[94m│[m     
[94m│[m[97;104mfile1.mp4[m[104m                                                               [m[97;104m [m[97;104m[m[104m                         [m[97;104m [m[97;104m[m[104m                         [m[97;104m [m[97;104mwaiting[m[104m   [m[97;104m [m[104m          [m[97;104m[m[97;104m [m[104m          [m[97;104m[m[97;104m [m[97;104m[m[104m                                        [m[94m│[m     
[94m│[m[94mfile2.mp4[m                                                               [94m [m[94m[m                         [94m [m[94m[m                         [94m [m[94mwaiting[m   [94m [m          [94m[m[94m [m          [94m[m[94m [m[94m[m                                        [94m│[m     
[94m│[m                                                                                                                                                                                                      [94m│[m     
[94m│[m                                                                                                                                                                                                      [94m│[m     
[94m│[m                                                                                                                                                                                                      [94m│[m     
[94m│[m                                                                                                                                                                                                      [94m│[m     
[94m│[m                                                                                                                                                                                                      [94m│[m     
[94m│[m                                                                                                                                                                                                      [94m│[m     
[94m│[m                                                                                                                                                                                                      [94m│[m     
[94m│[m                                                                                                                                                                                                      [94m│[m     
[94m│[m                                                                                                                                                                                                      [94m│[m     
[94m│[m                                                                                                                                                                                                      [94m│[m     
[94m│[m                                                                                                                                                                                                      [94m│[m     
[94m│[m                                                                                                                                                                                                      [94m│[m     
[94m│[m                                                                                                                                                                                                      [94m│[m     
[94m│[m                                                                                                                                                                                                      [94m│[m     
[94m╰──────────────────────────────────────────────────────────────────────────────────────────────────────────────────────────────────────────────────────────────────────────────────────────────────────╯[m     
[104m  [m[97;104m                                                                                                                                                                               Batch processing: OFF[m[104m  [m     