                      [32mGeneral[0m     [32mNavigation[0m     [32mMedia[0m                           [32mFilter[0m                                                                                                                 
[38;5;214mSource   : [0m[38;5;244m.[0m          [38;5;131mq[0m [38;5;244mquit[0m      [38;5;131mup[0m   [38;5;244mmove up[0m   [38;5;131mp[0m     [38;5;244mtoggle queue active state[0m [38;5;131ms[0m [38;5;244mshow/hide skipped files[0m                                                                                              
[38;5;214mProfile  : [0m[38;5;244mfoo[0m        [38;5;131ml[0m [38;5;244mshow logs[0m [38;5;131mdown[0m [38;5;244mmove down[0m [38;5;131menter[0m [38;5;244mconvert selected item[0m     [38;5;131mr[0m [38;5;244mshow/hide rejected files[0m                                                                                             
[38;5;214mOverwrite: [0m[38;5;244mactive[0m                 [38;5;131m/[0m    [38;5;244mfilter[0m    [38;5;131mf[0m     [38;5;244mshow full path[0m            [38;5;131mc[0m [38;5;244mshow/hide converted files[0m                                                                                            
[38;5;214mRemove   : [0m[38;5;244mactive[0m                                                                                                                                                                                       
[94m╭────────────────────────────────────────────────────────────────────────────────────────────[0m[32m media files [0m[94m─────────────────────────────────────────────────────────────────────────────────────────────╮[0m
[94m│[0m[97mSOURCE[0m                                                                  [97m [0m[97mSOURCE STATS[0m             [97m [0m[97mTARGET STATS[0m             [97m [0m[97mSTATUS[0m    [97m [0m [97mCOMPLETED[0m[97m [0m [97mREMAINING[0m[97m [0m[97mERROR[0m                                   [94m│[0m
[94m│[0m[97;104m[97;104mfile1.mp4[0m[104m                                                               [0m[97;104m [0m[97;104m[0m[104m                         [0m[97;104m [0m[97;104m[0m[104m                         [0m[97;104m [0m[97;104m[38;5;214mconverting[0m[0m[97;104m [0m[104m          [0m[97;104m[0m[97;104m [0m[104m          [0m[97;104m[0m[97;104m [0m[97;104m[0m[104m                                        [0m[0m[94m│[0m
[94m│[0m[94m[94mfile2.mp4[0m                                                               [94m [0m[94m[0m                         [94m [0m[94m[0m                         [94m [0m[94mwaiting[0m   [94m [0m          [94m[0m[94m [0m          [94m[0m[94m [0m[94m[0m                                        [0m[94m│[0m
[94m│[0m                                                                                                                                                                                                      [94m│[0m
[94m│[0m                                                                                                                                                                                                      [94m│[0m
[94m│[0m                                                                                                                                                                                                      [94m│[0m
[94m│[0m                                                                                                                                                                                                      [94m│[0m
[94m│[0m                                                                                                                                                                                                      [94m│[0m
[94m│[0m                                                                                                                                                                                                      [94m│[0m
[94m│[0m                                                                                                                                                                                                      [94m│[0m
[94m│[0m                                                                                                                                                                                                      [94m│[0m
[94m│[0m                                                                                                                                                                                                      [94m│[0m
[94m│[0m                                                                                                                                                                                                      [94m│[0m
[94m│[0m                                                                                                                                                                                                      [94m│[0m
[94m│[0m                                                                                                                                                                                                      [94m│[0m
[94m│[0m                                                                                                                                                                                                      [94m│[0m
[94m│[0m                                                                                                                                                                                                      [94m│[0m
[94m╰──────────────────────────────────────────────────────────────────────────────────────────────────────────────────────────────────────────────────────────────────────────────────────────────────────╯[0m
[104m  [0m[97;104mConverting 1 file(s) ... ⣾                                                                                                                                                     Batch processing: OFF[0m[104m  [0m