╭────────────────────────────────────────────────────────────[38;5;231m logs [0m────────────────────────────────────────────────────────────╮
│[96m                                               [94mAutoscroll: [91mon [0m[0m    [94mWordwrap: [38;5;59moff[0m[0m                                               [0m│
│[96mNice to see you                                                                                                               [0m│
╰──────────────────────────────────────────────────────────────────────────────────────────────────────────────────────────────╯