[94m╭───────────────────────────────────────[m [32mmedia files[97m [4/5][m[m [94m────────────────────────────────────────╮[m
[94m│[mSource                Source Stats         Target Stats         Status       Error                [94m│[m
[94m│[mfile_1                h264/1080/8.00 mbps  hevc/1080/4.00 mbps  [38;5;131mrejected[m     assert.AnError gener…[94m│[m
[94m│[mfile_2                h264/1080/8.00 mbps  hevc/1080/4.00 mbps  [38;5;28mconverted[m                         [94m│[m
[94m│[mfile_3                h264/1080/8.00 mbps  hevc/1080/4.00 mbps  [91mfailed[m       assert.AnError gener…[94m│[m
[94m│[mfile_4                h264/1080/8.00 mbps  hevc/1080/4.00 mbps  [38;5;214mtranscoding[m                       [94m│[m
[94m│[m                                                                                                  [94m│[m
[94m│[m                                                                                                  [94m│[m
[94m│[m                                                                                                  [94m│[m
[94m╰──────────────────────────────────────────────────────────────────────────────────────────────────╯[m